// Jest Snapshot v1, https://goo.gl/fbAQLP

exports[`Tic Tac Toe Game  renders game screen 1`] = `
<View
  style={
    Object {
      "alignItems": "center",
      "backgroundColor": "#000",
      "height": "100%",
      "width": "100%",
    }
  }
>
  <View
    style={
      Object {
        "flex": 1,
        "justifyContent": "center",
      }
    }
  >
    <Image
      source={
        Object {
          "testUri": "../../../src/assets/images/icons/player-icon.png",
        }
      }
      style={
        Array [
          Object {
            "height": 80,
            "width": 80,
          },
          Object {
            "tintColor": "#8CE6F8",
          },
        ]
      }
      testID="playerIcon"
    />
  </View>
  <View
    style={
      Object {
        "alignItems": "center",
        "flex": 3,
        "justifyContent": "center",
      }
    }
  >
    <View
      style={
        Object {
          "alignItems": "center",
          "justifyContent": "center",
        }
      }
    >
      <View
        style={
          Object {
            "height": 642.8571428571429,
            "width": 642.8571428571429,
          }
        }
      >
        <View
          style={
            Object {
              "flexDirection": "row",
              "position": "absolute",
            }
          }
          testID="horizontalLineContainer"
        >
          <View
            style={
              Array [
                Object {
                  "height": 642.8571428571429,
                  "marginLeft": 214.28571428571428,
                },
                Object {
                  "backgroundColor": "#fff",
                  "width": 1,
                },
              ]
            }
            testID="horizontalLine"
          />
          <View
            style={
              Array [
                Object {
                  "height": 642.8571428571429,
                  "marginLeft": 214.28571428571428,
                },
                Object {
                  "backgroundColor": "#fff",
                  "width": 1,
                },
              ]
            }
            testID="horizontalLine"
          />
        </View>
        <View
          style={
            Object {
              "flexDirection": "column",
              "position": "absolute",
            }
          }
          testID="verticalLineContainer"
        >
          <View
            style={
              Array [
                Object {
                  "marginTop": 214.28571428571428,
                  "width": 642.8571428571429,
                },
                Object {
                  "backgroundColor": "#fff",
                  "height": 1,
                },
              ]
            }
            testID="verticalLine"
          />
          <View
            style={
              Array [
                Object {
                  "marginTop": 214.28571428571428,
                  "width": 642.8571428571429,
                },
                Object {
                  "backgroundColor": "#fff",
                  "height": 1,
                },
              ]
            }
            testID="verticalLine"
          />
        </View>
      </View>
      <View
        style={
          Object {
            "alignItems": "center",
            "flexDirection": "row",
            "flexWrap": "wrap",
            "justifyContent": "center",
            "position": "absolute",
          }
        }
      >
        <View
          accessibilityState={
            Object {
              "disabled": false,
            }
          }
          accessible={true}
          focusable={true}
          onClick={[Function]}
          onResponderGrant={[Function]}
          onResponderMove={[Function]}
          onResponderRelease={[Function]}
          onResponderTerminate={[Function]}
          onResponderTerminationRequest={[Function]}
          onStartShouldSetResponder={[Function]}
          style={
            Array [
              Object {
                "alignItems": "center",
                "height": 214.28571428571428,
                "justifyContent": "center",
                "width": 214.28571428571428,
              },
            ]
          }
        >
          <Text
            style={
              Array [
                Object {
                  "fontSize": 50,
                  "fontWeight": "800",
                },
                Object {
                  "color": "#F3A6FA",
                },
              ]
            }
          />
        </View>
        <View
          accessibilityState={
            Object {
              "disabled": false,
            }
          }
          accessible={true}
          focusable={true}
          onClick={[Function]}
          onResponderGrant={[Function]}
          onResponderMove={[Function]}
          onResponderRelease={[Function]}
          onResponderTerminate={[Function]}
          onResponderTerminationRequest={[Function]}
          onStartShouldSetResponder={[Function]}
          style={
            Array [
              Object {
                "alignItems": "center",
                "height": 214.28571428571428,
                "justifyContent": "center",
                "width": 214.28571428571428,
              },
            ]
          }
        >
          <Text
            style={
              Array [
                Object {
                  "fontSize": 50,
                  "fontWeight": "800",
                },
                Object {
                  "color": "#F3A6FA",
                },
              ]
            }
          />
        </View>
        <View
          accessibilityState={
            Object {
              "disabled": false,
            }
          }
          accessible={true}
          focusable={true}
          onClick={[Function]}
          onResponderGrant={[Function]}
          onResponderMove={[Function]}
          onResponderRelease={[Function]}
          onResponderTerminate={[Function]}
          onResponderTerminationRequest={[Function]}
          onStartShouldSetResponder={[Function]}
          style={
            Array [
              Object {
                "alignItems": "center",
                "height": 214.28571428571428,
                "justifyContent": "center",
                "width": 214.28571428571428,
              },
            ]
          }
        >
          <Text
            style={
              Array [
                Object {
                  "fontSize": 50,
                  "fontWeight": "800",
                },
                Object {
                  "color": "#F3A6FA",
                },
              ]
            }
          />
        </View>
        <View
          accessibilityState={
            Object {
              "disabled": false,
            }
          }
          accessible={true}
          focusable={true}
          onClick={[Function]}
          onResponderGrant={[Function]}
          onResponderMove={[Function]}
          onResponderRelease={[Function]}
          onResponderTerminate={[Function]}
          onResponderTerminationRequest={[Function]}
          onStartShouldSetResponder={[Function]}
          style={
            Array [
              Object {
                "alignItems": "center",
                "height": 214.28571428571428,
                "justifyContent": "center",
                "width": 214.28571428571428,
              },
            ]
          }
        >
          <Text
            style={
              Array [
                Object {
                  "fontSize": 50,
                  "fontWeight": "800",
                },
                Object {
                  "color": "#F3A6FA",
                },
              ]
            }
          />
        </View>
        <View
          accessibilityState={
            Object {
              "disabled": false,
            }
          }
          accessible={true}
          focusable={true}
          onClick={[Function]}
          onResponderGrant={[Function]}
          onResponderMove={[Function]}
          onResponderRelease={[Function]}
          onResponderTerminate={[Function]}
          onResponderTerminationRequest={[Function]}
          onStartShouldSetResponder={[Function]}
          style={
            Array [
              Object {
                "alignItems": "center",
                "height": 214.28571428571428,
                "justifyContent": "center",
                "width": 214.28571428571428,
              },
            ]
          }
        >
          <Text
            style={
              Array [
                Object {
                  "fontSize": 50,
                  "fontWeight": "800",
                },
                Object {
                  "color": "#F3A6FA",
                },
              ]
            }
          />
        </View>
        <View
          accessibilityState={
            Object {
              "disabled": false,
            }
          }
          accessible={true}
          focusable={true}
          onClick={[Function]}
          onResponderGrant={[Function]}
          onResponderMove={[Function]}
          onResponderRelease={[Function]}
          onResponderTerminate={[Function]}
          onResponderTerminationRequest={[Function]}
          onStartShouldSetResponder={[Function]}
          style={
            Array [
              Object {
                "alignItems": "center",
                "height": 214.28571428571428,
                "justifyContent": "center",
                "width": 214.28571428571428,
              },
            ]
          }
        >
          <Text
            style={
              Array [
                Object {
                  "fontSize": 50,
                  "fontWeight": "800",
                },
                Object {
                  "color": "#F3A6FA",
                },
              ]
            }
          />
        </View>
        <View
          accessibilityState={
            Object {
              "disabled": false,
            }
          }
          accessible={true}
          focusable={true}
          onClick={[Function]}
          onResponderGrant={[Function]}
          onResponderMove={[Function]}
          onResponderRelease={[Function]}
          onResponderTerminate={[Function]}
          onResponderTerminationRequest={[Function]}
          onStartShouldSetResponder={[Function]}
          style={
            Array [
              Object {
                "alignItems": "center",
                "height": 214.28571428571428,
                "justifyContent": "center",
                "width": 214.28571428571428,
              },
            ]
          }
        >
          <Text
            style={
              Array [
                Object {
                  "fontSize": 50,
                  "fontWeight": "800",
                },
                Object {
                  "color": "#F3A6FA",
                },
              ]
            }
          />
        </View>
        <View
          accessibilityState={
            Object {
              "disabled": false,
            }
          }
          accessible={true}
          focusable={true}
          onClick={[Function]}
          onResponderGrant={[Function]}
          onResponderMove={[Function]}
          onResponderRelease={[Function]}
          onResponderTerminate={[Function]}
          onResponderTerminationRequest={[Function]}
          onStartShouldSetResponder={[Function]}
          style={
            Array [
              Object {
                "alignItems": "center",
                "height": 214.28571428571428,
                "justifyContent": "center",
                "width": 214.28571428571428,
              },
            ]
          }
        >
          <Text
            style={
              Array [
                Object {
                  "fontSize": 50,
                  "fontWeight": "800",
                },
                Object {
                  "color": "#F3A6FA",
                },
              ]
            }
          />
        </View>
        <View
          accessibilityState={
            Object {
              "disabled": false,
            }
          }
          accessible={true}
          focusable={true}
          onClick={[Function]}
          onResponderGrant={[Function]}
          onResponderMove={[Function]}
          onResponderRelease={[Function]}
          onResponderTerminate={[Function]}
          onResponderTerminationRequest={[Function]}
          onStartShouldSetResponder={[Function]}
          style={
            Array [
              Object {
                "alignItems": "center",
                "height": 214.28571428571428,
                "justifyContent": "center",
                "width": 214.28571428571428,
              },
            ]
          }
        >
          <Text
            style={
              Array [
                Object {
                  "fontSize": 50,
                  "fontWeight": "800",
                },
                Object {
                  "color": "#F3A6FA",
                },
              ]
            }
          />
        </View>
      </View>
    </View>
  </View>
  <View
    style={
      Object {
        "flex": 1,
        "width": "100%",
      }
    }
  >
    <View
      accessible={true}
      collapsable={false}
      focusable={true}
      onClick={[Function]}
      onResponderGrant={[Function]}
      onResponderMove={[Function]}
      onResponderRelease={[Function]}
      onResponderTerminate={[Function]}
      onResponderTerminationRequest={[Function]}
      onStartShouldSetResponder={[Function]}
      style={
        Object {
          "alignItems": "flex-end",
          "marginRight": 20,
          "opacity": 1,
        }
      }
    >
      <Image
        source={
          Object {
            "testUri": "../../../src/assets/images/icons/reset-icon.png",
          }
        }
        style={
          Object {
            "height": 80,
            "width": 80,
          }
        }
      />
    </View>
  </View>
</View>
`;
